2026-08-18 07:29:01.211: [INFO] CurrentProfilePath: D:\vcube\Workspace\corejavaworkspace\.metadata\.plugins\org.eclipse.swt\EBWebView\Default
2026-08-18 07:29:01.211: [INFO] Profiles total count: 1
2026-08-18 07:29:01.211: [INFO] Profile: name=Profile 1 path=D:\vcube\Workspace\corejavaworkspace\.metadata\.plugins\org.eclipse.swt\EBWebView\Default lastActive=null
2026-08-18 07:29:01.211: [INFO] LastUsedProfileDir: D:\vcube\Workspace\corejavaworkspace\.metadata\.plugins\org.eclipse.swt\EBWebView\Default
2026-08-18 07:29:01.211: [INFO] OnDoneLoading sync enabled: 0
2026-08-18 07:29:01.211: [INFO] BookmarkModelLoaded, ids_reassigned: 0
2026-08-18 07:29:01.211: [INFO] BookmarksLoadDropped droppedNodes=0
2026-08-18 07:29:01.211: [INFO] BookmarksSnapshot Startup total=0 bar=0 other=0 mobile=0 showBar=0 showBarNTP=1
2026-08-18 07:29:10.924: [INFO] BookmarksSnapshot Shutdown total=0 bar=0 other=0 mobile=0 showBar=0 showBarNTP=1
2026-08-18 07:29:11.577: [INFO] CurrentProfilePath: D:\vcube\Workspace\corejavaworkspace\.metadata\.plugins\org.eclipse.swt\EBWebView\Default
2026-08-18 07:29:11.577: [INFO] Profiles total count: 1
2026-08-18 07:29:11.578: [INFO] Profile: name=Profile 1 path=D:\vcube\Workspace\corejavaworkspace\.metadata\.plugins\org.eclipse.swt\EBWebView\Default lastActive=2026-08-18T07:29:01.839Z
2026-08-18 07:29:11.578: [INFO] LastUsedProfileDir: D:\vcube\Workspace\corejavaworkspace\.metadata\.plugins\org.eclipse.swt\EBWebView\Default
2026-08-18 07:29:11.578: [INFO] MostRecentlyActiveProfile: name=Profile 1 path=D:\vcube\Workspace\corejavaworkspace\.metadata\.plugins\org.eclipse.swt\EBWebView\Default lastActive=2026-08-18T07:29:01.839Z
2026-08-18 07:29:11.578: [INFO] OnDoneLoading sync enabled: 0
2026-08-18 07:29:11.578: [INFO] BookmarkModelLoaded, ids_reassigned: 0
2026-08-18 07:29:11.578: [INFO] BookmarksLoadDropped droppedNodes=0
2026-08-18 07:29:11.578: [INFO] BookmarksSnapshot Startup total=0 bar=0 other=0 mobile=0 showBar=0 showBarNTP=1
2026-08-18 07:33:47.229: [INFO] BookmarksSnapshot Shutdown total=0 bar=0 other=0 mobile=0 showBar=0 showBarNTP=1
2026-08-18 10:30:06.362: [INFO] CurrentProfilePath: D:\vcube\Workspace\corejavaworkspace\.metadata\.plugins\org.eclipse.swt\EBWebView\Default
2026-08-18 10:30:06.362: [INFO] Profiles total count: 1
2026-08-18 10:30:06.363: [INFO] Profile: name=Profile 1 path=D:\vcube\Workspace\corejavaworkspace\.metadata\.plugins\org.eclipse.swt\EBWebView\Default lastActive=2026-08-18T07:29:01.839Z
2026-08-18 10:30:06.363: [INFO] LastUsedProfileDir: D:\vcube\Workspace\corejavaworkspace\.metadata\.plugins\org.eclipse.swt\EBWebView\Default
2026-08-18 10:30:06.363: [INFO] MostRecentlyActiveProfile: name=Profile 1 path=D:\vcube\Workspace\corejavaworkspace\.metadata\.plugins\org.eclipse.swt\EBWebView\Default lastActive=2026-08-18T07:29:01.839Z
2026-08-18 10:30:06.363: [INFO] OnDoneLoading sync enabled: 0
2026-08-18 10:30:06.363: [INFO] BookmarkModelLoaded, ids_reassigned: 0
2026-08-18 10:30:06.363: [INFO] BookmarksLoadDropped droppedNodes=0
2026-08-18 10:30:06.363: [INFO] BookmarksSnapshot Startup total=0 bar=0 other=0 mobile=0 showBar=0 showBarNTP=1
2026-08-18 10:58:19.059: [INFO] BookmarksSnapshot Shutdown total=0 bar=0 other=0 mobile=0 showBar=0 showBarNTP=1
2026-08-19 03:41:21.737: [INFO] CurrentProfilePath: D:\vcube\Workspace\corejavaworkspace\.metadata\.plugins\org.eclipse.swt\EBWebView\Default
2026-08-19 03:41:21.737: [INFO] Profiles total count: 1
2026-08-19 03:41:21.738: [INFO] Profile: name=Profile 1 path=D:\vcube\Workspace\corejavaworkspace\.metadata\.plugins\org.eclipse.swt\EBWebView\Default lastActive=2026-08-18T10:35:52.361Z
2026-08-19 03:41:21.738: [INFO] LastUsedProfileDir: D:\vcube\Workspace\corejavaworkspace\.metadata\.plugins\org.eclipse.swt\EBWebView\Default
2026-08-19 03:41:21.738: [INFO] MostRecentlyActiveProfile: name=Profile 1 path=D:\vcube\Workspace\corejavaworkspace\.metadata\.plugins\org.eclipse.swt\EBWebView\Default lastActive=2026-08-18T10:35:52.361Z
2026-08-19 03:41:21.738: [INFO] OnDoneLoading sync enabled: 0
2026-08-19 03:41:21.738: [INFO] BookmarkModelLoaded, ids_reassigned: 0
2026-08-19 03:41:21.738: [INFO] BookmarksLoadDropped droppedNodes=0
2026-08-19 03:41:21.738: [INFO] BookmarksSnapshot Startup total=0 bar=0 other=0 mobile=0 showBar=0 showBarNTP=1
2026-08-19 03:41:36.451: [INFO] BookmarksSnapshot Shutdown total=0 bar=0 other=0 mobile=0 showBar=0 showBarNTP=1
2026-08-19 03:57:08.031: [INFO] CurrentProfilePath: D:\vcube\Workspace\corejavaworkspace\.metadata\.plugins\org.eclipse.swt\EBWebView\Default
2026-08-19 03:57:08.031: [INFO] Profiles total count: 1
2026-08-19 03:57:08.032: [INFO] Profile: name=Profile 1 path=D:\vcube\Workspace\corejavaworkspace\.metadata\.plugins\org.eclipse.swt\EBWebView\Default lastActive=2026-08-18T10:35:52.361Z
2026-08-19 03:57:08.032: [INFO] LastUsedProfileDir: D:\vcube\Workspace\corejavaworkspace\.metadata\.plugins\org.eclipse.swt\EBWebView\Default
2026-08-19 03:57:08.032: [INFO] MostRecentlyActiveProfile: name=Profile 1 path=D:\vcube\Workspace\corejavaworkspace\.metadata\.plugins\org.eclipse.swt\EBWebView\Default lastActive=2026-08-18T10:35:52.361Z
2026-08-19 03:57:08.032: [INFO] OnDoneLoading sync enabled: 0
2026-08-19 03:57:08.032: [INFO] BookmarkModelLoaded, ids_reassigned: 0
2026-08-19 03:57:08.032: [INFO] BookmarksLoadDropped droppedNodes=0
2026-08-19 03:57:08.032: [INFO] BookmarksSnapshot Startup total=0 bar=0 other=0 mobile=0 showBar=0 showBarNTP=1
2026-08-19 04:01:11.696: [INFO] BookmarksSnapshot Shutdown total=0 bar=0 other=0 mobile=0 showBar=0 showBarNTP=1
2026-08-19 05:18:52.851: [INFO] CurrentProfilePath: D:\vcube\Workspace\corejavaworkspace\.metadata\.plugins\org.eclipse.swt\EBWebView\Default
2026-08-19 05:18:52.851: [INFO] Profiles total count: 1
2026-08-19 05:18:52.852: [INFO] Profile: name=Profile 1 path=D:\vcube\Workspace\corejavaworkspace\.metadata\.plugins\org.eclipse.swt\EBWebView\Default lastActive=2026-08-18T10:35:52.361Z
2026-08-19 05:18:52.852: [INFO] LastUsedProfileDir: D:\vcube\Workspace\corejavaworkspace\.metadata\.plugins\org.eclipse.swt\EBWebView\Default
2026-08-19 05:18:52.852: [INFO] MostRecentlyActiveProfile: name=Profile 1 path=D:\vcube\Workspace\corejavaworkspace\.metadata\.plugins\org.eclipse.swt\EBWebView\Default lastActive=2026-08-18T10:35:52.361Z
2026-08-19 05:18:52.852: [INFO] OnDoneLoading sync enabled: 0
2026-08-19 05:18:52.852: [INFO] BookmarkModelLoaded, ids_reassigned: 0
2026-08-19 05:18:52.852: [INFO] BookmarksLoadDropped droppedNodes=0
2026-08-19 05:18:52.852: [INFO] BookmarksSnapshot Startup total=0 bar=0 other=0 mobile=0 showBar=0 showBarNTP=1
2026-08-19 05:24:22.228: [INFO] BookmarksSnapshot Shutdown total=0 bar=0 other=0 mobile=0 showBar=0 showBarNTP=1
2026-08-20 04:52:52.917: [INFO] CurrentProfilePath: D:\vcube\Workspace\corejavaworkspace\.metadata\.plugins\org.eclipse.swt\EBWebView\Default
2026-08-20 04:52:52.917: [INFO] Profiles total count: 1
2026-08-20 04:52:52.918: [INFO] Profile: name=Profile 1 path=D:\vcube\Workspace\corejavaworkspace\.metadata\.plugins\org.eclipse.swt\EBWebView\Default lastActive=2026-08-19T05:24:20.040Z
2026-08-20 04:52:52.918: [INFO] LastUsedProfileDir: D:\vcube\Workspace\corejavaworkspace\.metadata\.plugins\org.eclipse.swt\EBWebView\Default
2026-08-20 04:52:52.918: [INFO] MostRecentlyActiveProfile: name=Profile 1 path=D:\vcube\Workspace\corejavaworkspace\.metadata\.plugins\org.eclipse.swt\EBWebView\Default lastActive=2026-08-19T05:24:20.040Z
2026-08-20 04:52:52.918: [INFO] OnDoneLoading sync enabled: 0
2026-08-20 04:52:52.918: [INFO] BookmarkModelLoaded, ids_reassigned: 0
2026-08-20 04:52:52.918: [INFO] BookmarksLoadDropped droppedNodes=0
2026-08-20 04:52:52.918: [INFO] BookmarksSnapshot Startup total=0 bar=0 other=0 mobile=0 showBar=0 showBarNTP=1
2026-08-20 05:40:36.108: [INFO] BookmarksSnapshot Shutdown total=0 bar=0 other=0 mobile=0 showBar=0 showBarNTP=1
2026-08-20 07:14:26.441: [INFO] CurrentProfilePath: D:\vcube\Workspace\corejavaworkspace\.metadata\.plugins\org.eclipse.swt\EBWebView\Default
2026-08-20 07:14:26.441: [INFO] Profiles total count: 1
2026-08-20 07:14:26.441: [INFO] Profile: name=Profile 1 path=D:\vcube\Workspace\corejavaworkspace\.metadata\.plugins\org.eclipse.swt\EBWebView\Default lastActive=2026-08-20T04:53:11.594Z
2026-08-20 07:14:26.441: [INFO] LastUsedProfileDir: D:\vcube\Workspace\corejavaworkspace\.metadata\.plugins\org.eclipse.swt\EBWebView\Default
2026-08-20 07:14:26.441: [INFO] MostRecentlyActiveProfile: name=Profile 1 path=D:\vcube\Workspace\corejavaworkspace\.metadata\.plugins\org.eclipse.swt\EBWebView\Default lastActive=2026-08-20T04:53:11.594Z
2026-08-20 07:14:26.441: [INFO] OnDoneLoading sync enabled: 0
2026-08-20 07:14:26.441: [INFO] BookmarkModelLoaded, ids_reassigned: 0
2026-08-20 07:14:26.441: [INFO] BookmarksLoadDropped droppedNodes=0
2026-08-20 07:14:26.442: [INFO] BookmarksSnapshot Startup total=0 bar=0 other=0 mobile=0 showBar=0 showBarNTP=1
2026-08-20 07:37:34.924: [INFO] BookmarksSnapshot Shutdown total=0 bar=0 other=0 mobile=0 showBar=0 showBarNTP=1
2026-08-22 14:49:31.551: [INFO] CurrentProfilePath: D:\vcube\Workspace\corejavaworkspace\.metadata\.plugins\org.eclipse.swt\EBWebView\Default
2026-08-22 14:49:31.551: [INFO] Profiles total count: 1
2026-08-22 14:49:31.553: [INFO] Profile: name=Profile 1 path=D:\vcube\Workspace\corejavaworkspace\.metadata\.plugins\org.eclipse.swt\EBWebView\Default lastActive=2026-08-20T04:53:11.594Z
2026-08-22 14:49:31.553: [INFO] LastUsedProfileDir: D:\vcube\Workspace\corejavaworkspace\.metadata\.plugins\org.eclipse.swt\EBWebView\Default
2026-08-22 14:49:31.553: [INFO] MostRecentlyActiveProfile: name=Profile 1 path=D:\vcube\Workspace\corejavaworkspace\.metadata\.plugins\org.eclipse.swt\EBWebView\Default lastActive=2026-08-20T04:53:11.594Z
2026-08-22 14:49:31.553: [INFO] OnDoneLoading sync enabled: 0
2026-08-22 14:49:31.553: [INFO] BookmarkModelLoaded, ids_reassigned: 0
2026-08-22 14:49:31.553: [INFO] BookmarksLoadDropped droppedNodes=0
2026-08-22 14:49:31.553: [INFO] BookmarksSnapshot Startup total=0 bar=0 other=0 mobile=0 showBar=0 showBarNTP=1
2026-08-22 14:50:40.208: [INFO] BookmarksSnapshot Shutdown total=0 bar=0 other=0 mobile=0 showBar=0 showBarNTP=1
2026-08-22 15:07:31.750: [INFO] CurrentProfilePath: D:\vcube\Workspace\corejavaworkspace\.metadata\.plugins\org.eclipse.swt\EBWebView\Default
2026-08-22 15:07:31.750: [INFO] Profiles total count: 1
2026-08-22 15:07:31.751: [INFO] Profile: name=Profile 1 path=D:\vcube\Workspace\corejavaworkspace\.metadata\.plugins\org.eclipse.swt\EBWebView\Default lastActive=2026-08-22T14:50:36.657Z
2026-08-22 15:07:31.751: [INFO] LastUsedProfileDir: D:\vcube\Workspace\corejavaworkspace\.metadata\.plugins\org.eclipse.swt\EBWebView\Default
2026-08-22 15:07:31.751: [INFO] MostRecentlyActiveProfile: name=Profile 1 path=D:\vcube\Workspace\corejavaworkspace\.metadata\.plugins\org.eclipse.swt\EBWebView\Default lastActive=2026-08-22T14:50:36.657Z
2026-08-22 15:07:31.751: [INFO] OnDoneLoading sync enabled: 0
2026-08-22 15:07:31.751: [INFO] BookmarkModelLoaded, ids_reassigned: 0
2026-08-22 15:07:31.751: [INFO] BookmarksLoadDropped droppedNodes=0
2026-08-22 15:07:31.751: [INFO] BookmarksSnapshot Startup total=0 bar=0 other=0 mobile=0 showBar=0 showBarNTP=1
2026-08-22 15:18:10.185: [INFO] BookmarksSnapshot Shutdown total=0 bar=0 other=0 mobile=0 showBar=0 showBarNTP=1
2026-08-24 04:54:02.439: [INFO] CurrentProfilePath: D:\vcube\Workspace\corejavaworkspace\.metadata\.plugins\org.eclipse.swt\EBWebView\Default
2026-08-24 04:54:02.439: [INFO] Profiles total count: 1
2026-08-24 04:54:02.441: [INFO] Profile: name=Profile 1 path=D:\vcube\Workspace\corejavaworkspace\.metadata\.plugins\org.eclipse.swt\EBWebView\Default lastActive=2026-08-22T14:50:36.657Z
2026-08-24 04:54:02.441: [INFO] LastUsedProfileDir: D:\vcube\Workspace\corejavaworkspace\.metadata\.plugins\org.eclipse.swt\EBWebView\Default
2026-08-24 04:54:02.441: [INFO] MostRecentlyActiveProfile: name=Profile 1 path=D:\vcube\Workspace\corejavaworkspace\.metadata\.plugins\org.eclipse.swt\EBWebView\Default lastActive=2026-08-22T14:50:36.657Z
2026-08-24 04:54:02.441: [INFO] OnDoneLoading sync enabled: 0
2026-08-24 04:54:02.441: [INFO] BookmarkModelLoaded, ids_reassigned: 0
2026-08-24 04:54:02.441: [INFO] BookmarksLoadDropped droppedNodes=0
2026-08-24 04:54:02.442: [INFO] BookmarksSnapshot Startup total=0 bar=0 other=0 mobile=0 showBar=0 showBarNTP=1
2026-08-24 05:07:27.432: [INFO] BookmarksSnapshot Shutdown total=0 bar=0 other=0 mobile=0 showBar=0 showBarNTP=1
2026-08-25 05:19:46.612: [INFO] CurrentProfilePath: D:\vcube\Workspace\corejavaworkspace\.metadata\.plugins\org.eclipse.swt\EBWebView\Default
2026-08-25 05:19:46.612: [INFO] Profiles total count: 1
2026-08-25 05:19:46.612: [INFO] Profile: name=Profile 1 path=D:\vcube\Workspace\corejavaworkspace\.metadata\.plugins\org.eclipse.swt\EBWebView\Default lastActive=2026-08-24T04:55:51.714Z
2026-08-25 05:19:46.612: [INFO] LastUsedProfileDir: D:\vcube\Workspace\corejavaworkspace\.metadata\.plugins\org.eclipse.swt\EBWebView\Default
2026-08-25 05:19:46.612: [INFO] MostRecentlyActiveProfile: name=Profile 1 path=D:\vcube\Workspace\corejavaworkspace\.metadata\.plugins\org.eclipse.swt\EBWebView\Default lastActive=2026-08-24T04:55:51.714Z
2026-08-25 05:19:46.612: [INFO] OnDoneLoading sync enabled: 0
2026-08-25 05:19:46.612: [INFO] BookmarkModelLoaded, ids_reassigned: 0
2026-08-25 05:19:46.612: [INFO] BookmarksLoadDropped droppedNodes=0
2026-08-25 05:19:46.612: [INFO] BookmarksSnapshot Startup total=0 bar=0 other=0 mobile=0 showBar=0 showBarNTP=1
2026-08-25 05:37:15.240: [INFO] BookmarksSnapshot Shutdown total=0 bar=0 other=0 mobile=0 showBar=0 showBarNTP=1
2026-08-25 07:33:28.001: [INFO] CurrentProfilePath: D:\vcube\Workspace\corejavaworkspace\.metadata\.plugins\org.eclipse.swt\EBWebView\Default
2026-08-25 07:33:28.001: [INFO] Profiles total count: 1
2026-08-25 07:33:28.001: [INFO] Profile: name=Profile 1 path=D:\vcube\Workspace\corejavaworkspace\.metadata\.plugins\org.eclipse.swt\EBWebView\Default lastActive=2026-08-24T04:55:51.714Z
2026-08-25 07:33:28.001: [INFO] LastUsedProfileDir: D:\vcube\Workspace\corejavaworkspace\.metadata\.plugins\org.eclipse.swt\EBWebView\Default
2026-08-25 07:33:28.001: [INFO] MostRecentlyActiveProfile: name=Profile 1 path=D:\vcube\Workspace\corejavaworkspace\.metadata\.plugins\org.eclipse.swt\EBWebView\Default lastActive=2026-08-24T04:55:51.714Z
2026-08-25 07:33:28.001: [INFO] OnDoneLoading sync enabled: 0
2026-08-25 07:33:28.001: [INFO] BookmarkModelLoaded, ids_reassigned: 0
2026-08-25 07:33:28.001: [INFO] BookmarksLoadDropped droppedNodes=0
2026-08-25 07:33:28.001: [INFO] BookmarksSnapshot Startup total=0 bar=0 other=0 mobile=0 showBar=0 showBarNTP=1
2026-08-25 07:42:11.590: [INFO] BookmarksSnapshot Shutdown total=0 bar=0 other=0 mobile=0 showBar=0 showBarNTP=1
2026-08-27 06:45:08.698: [INFO] CurrentProfilePath: D:\vcube\Workspace\corejavaworkspace\.metadata\.plugins\org.eclipse.swt\EBWebView\Default
2026-08-27 06:45:08.699: [INFO] Profiles total count: 1
2026-08-27 06:45:08.699: [INFO] Profile: name=Profile 1 path=D:\vcube\Workspace\corejavaworkspace\.metadata\.plugins\org.eclipse.swt\EBWebView\Default lastActive=2026-08-25T07:33:55.213Z
2026-08-27 06:45:08.699: [INFO] LastUsedProfileDir: D:\vcube\Workspace\corejavaworkspace\.metadata\.plugins\org.eclipse.swt\EBWebView\Default
2026-08-27 06:45:08.699: [INFO] MostRecentlyActiveProfile: name=Profile 1 path=D:\vcube\Workspace\corejavaworkspace\.metadata\.plugins\org.eclipse.swt\EBWebView\Default lastActive=2026-08-25T07:33:55.213Z
2026-08-27 06:45:08.699: [INFO] OnDoneLoading sync enabled: 0
2026-08-27 06:45:08.699: [INFO] BookmarkModelLoaded, ids_reassigned: 0
2026-08-27 06:45:08.699: [INFO] BookmarksLoadDropped droppedNodes=0
2026-08-27 06:45:08.699: [INFO] BookmarksSnapshot Startup total=0 bar=0 other=0 mobile=0 showBar=0 showBarNTP=1
2026-08-27 15:36:13.372: [INFO] CurrentProfilePath: D:\vcube\Workspace\corejavaworkspace\.metadata\.plugins\org.eclipse.swt\EBWebView\Default
2026-08-27 15:36:13.372: [INFO] Profiles total count: 1
2026-08-27 15:36:13.373: [INFO] Profile: name=Profile 1 path=D:\vcube\Workspace\corejavaworkspace\.metadata\.plugins\org.eclipse.swt\EBWebView\Default lastActive=2026-08-27T06:55:14.119Z
2026-08-27 15:36:13.373: [INFO] LastUsedProfileDir: D:\vcube\Workspace\corejavaworkspace\.metadata\.plugins\org.eclipse.swt\EBWebView\Default
2026-08-27 15:36:13.373: [INFO] MostRecentlyActiveProfile: name=Profile 1 path=D:\vcube\Workspace\corejavaworkspace\.metadata\.plugins\org.eclipse.swt\EBWebView\Default lastActive=2026-08-27T06:55:14.119Z
2026-08-27 15:36:13.373: [INFO] OnDoneLoading sync enabled: 0
2026-08-27 15:36:13.373: [INFO] BookmarkModelLoaded, ids_reassigned: 0
2026-08-27 15:36:13.373: [INFO] BookmarksLoadDropped droppedNodes=0
2026-08-27 15:36:13.373: [INFO] BookmarksSnapshot Startup total=0 bar=0 other=0 mobile=0 showBar=0 showBarNTP=1
2026-08-27 16:22:02.372: [INFO] BookmarksSnapshot Shutdown total=0 bar=0 other=0 mobile=0 showBar=0 showBarNTP=1
2026-08-27 16:52:02.346: [INFO] CurrentProfilePath: D:\vcube\Workspace\corejavaworkspace\.metadata\.plugins\org.eclipse.swt\EBWebView\Default
2026-08-27 16:52:02.346: [INFO] Profiles total count: 1
2026-08-27 16:52:02.347: [INFO] Profile: name=Profile 1 path=D:\vcube\Workspace\corejavaworkspace\.metadata\.plugins\org.eclipse.swt\EBWebView\Default lastActive=2026-08-27T15:45:35.575Z
2026-08-27 16:52:02.347: [INFO] LastUsedProfileDir: D:\vcube\Workspace\corejavaworkspace\.metadata\.plugins\org.eclipse.swt\EBWebView\Default
2026-08-27 16:52:02.347: [INFO] MostRecentlyActiveProfile: name=Profile 1 path=D:\vcube\Workspace\corejavaworkspace\.metadata\.plugins\org.eclipse.swt\EBWebView\Default lastActive=2026-08-27T15:45:35.575Z
2026-08-27 16:52:02.347: [INFO] OnDoneLoading sync enabled: 0
2026-08-27 16:52:02.347: [INFO] BookmarkModelLoaded, ids_reassigned: 0
2026-08-27 16:52:02.347: [INFO] BookmarksLoadDropped droppedNodes=0
2026-08-27 16:52:02.347: [INFO] BookmarksSnapshot Startup total=0 bar=0 other=0 mobile=0 showBar=0 showBarNTP=1
2026-08-27 16:55:06.483: [INFO] BookmarksSnapshot Shutdown total=0 bar=0 other=0 mobile=0 showBar=0 showBarNTP=1
2026-08-28 03:27:39.723: [INFO] CurrentProfilePath: D:\vcube\Workspace\corejavaworkspace\.metadata\.plugins\org.eclipse.swt\EBWebView\Default
2026-08-28 03:27:39.723: [INFO] Profiles total count: 1
2026-08-28 03:27:39.724: [INFO] Profile: name=Profile 1 path=D:\vcube\Workspace\corejavaworkspace\.metadata\.plugins\org.eclipse.swt\EBWebView\Default lastActive=2026-08-27T15:45:35.575Z
2026-08-28 03:27:39.724: [INFO] LastUsedProfileDir: D:\vcube\Workspace\corejavaworkspace\.metadata\.plugins\org.eclipse.swt\EBWebView\Default
2026-08-28 03:27:39.724: [INFO] MostRecentlyActiveProfile: name=Profile 1 path=D:\vcube\Workspace\corejavaworkspace\.metadata\.plugins\org.eclipse.swt\EBWebView\Default lastActive=2026-08-27T15:45:35.575Z
2026-08-28 03:27:39.724: [INFO] OnDoneLoading sync enabled: 0
2026-08-28 03:27:39.724: [INFO] BookmarkModelLoaded, ids_reassigned: 0
2026-08-28 03:27:39.724: [INFO] BookmarksLoadDropped droppedNodes=0
2026-08-28 03:27:39.724: [INFO] BookmarksSnapshot Startup total=0 bar=0 other=0 mobile=0 showBar=0 showBarNTP=1
2026-08-28 05:09:23.299: [INFO] BookmarksSnapshot Shutdown total=0 bar=0 other=0 mobile=0 showBar=0 showBarNTP=1
2026-08-29 05:17:11.679: [INFO] CurrentProfilePath: D:\vcube\Workspace\corejavaworkspace\.metadata\.plugins\org.eclipse.swt\EBWebView\Default
2026-08-29 05:17:11.679: [INFO] Profiles total count: 1
2026-08-29 05:17:11.679: [INFO] Profile: name=Profile 1 path=D:\vcube\Workspace\corejavaworkspace\.metadata\.plugins\org.eclipse.swt\EBWebView\Default lastActive=2026-08-27T15:45:35.575Z
2026-08-29 05:17:11.679: [INFO] LastUsedProfileDir: D:\vcube\Workspace\corejavaworkspace\.metadata\.plugins\org.eclipse.swt\EBWebView\Default
2026-08-29 05:17:11.679: [INFO] MostRecentlyActiveProfile: name=Profile 1 path=D:\vcube\Workspace\corejavaworkspace\.metadata\.plugins\org.eclipse.swt\EBWebView\Default lastActive=2026-08-27T15:45:35.575Z
2026-08-29 05:17:11.679: [INFO] OnDoneLoading sync enabled: 0
2026-08-29 05:17:11.679: [INFO] BookmarkModelLoaded, ids_reassigned: 0
2026-08-29 05:17:11.679: [INFO] BookmarksLoadDropped droppedNodes=0
2026-08-29 05:17:11.679: [INFO] BookmarksSnapshot Startup total=0 bar=0 other=0 mobile=0 showBar=0 showBarNTP=1
2026-08-29 07:54:52.033: [INFO] CurrentProfilePath: D:\vcube\Workspace\corejavaworkspace\.metadata\.plugins\org.eclipse.swt\EBWebView\Default
2026-08-29 07:54:52.033: [INFO] Profiles total count: 1
2026-08-29 07:54:52.034: [INFO] Profile: name=Profile 1 path=D:\vcube\Workspace\corejavaworkspace\.metadata\.plugins\org.eclipse.swt\EBWebView\Default lastActive=2026-08-27T15:45:35.575Z
2026-08-29 07:54:52.034: [INFO] LastUsedProfileDir: D:\vcube\Workspace\corejavaworkspace\.metadata\.plugins\org.eclipse.swt\EBWebView\Default
2026-08-29 07:54:52.034: [INFO] MostRecentlyActiveProfile: name=Profile 1 path=D:\vcube\Workspace\corejavaworkspace\.metadata\.plugins\org.eclipse.swt\EBWebView\Default lastActive=2026-08-27T15:45:35.575Z
2026-08-29 07:54:52.034: [INFO] OnDoneLoading sync enabled: 0
2026-08-29 07:54:52.034: [INFO] BookmarkModelLoaded, ids_reassigned: 0
2026-08-29 07:54:52.034: [INFO] BookmarksLoadDropped droppedNodes=0
2026-08-29 07:54:52.034: [INFO] BookmarksSnapshot Startup total=0 bar=0 other=0 mobile=0 showBar=0 showBarNTP=1
2026-08-31 05:06:06.393: [INFO] CurrentProfilePath: D:\vcube\Workspace\corejavaworkspace\.metadata\.plugins\org.eclipse.swt\EBWebView\Default
2026-08-31 05:06:06.393: [INFO] Profiles total count: 1
2026-08-31 05:06:06.394: [INFO] Profile: name=Profile 1 path=D:\vcube\Workspace\corejavaworkspace\.metadata\.plugins\org.eclipse.swt\EBWebView\Default lastActive=2026-08-29T07:55:07.942Z
2026-08-31 05:06:06.394: [INFO] LastUsedProfileDir: D:\vcube\Workspace\corejavaworkspace\.metadata\.plugins\org.eclipse.swt\EBWebView\Default
2026-08-31 05:06:06.395: [INFO] MostRecentlyActiveProfile: name=Profile 1 path=D:\vcube\Workspace\corejavaworkspace\.metadata\.plugins\org.eclipse.swt\EBWebView\Default lastActive=2026-08-29T07:55:07.942Z
2026-08-31 05:06:06.395: [INFO] OnDoneLoading sync enabled: 0
2026-08-31 05:06:06.395: [INFO] BookmarkModelLoaded, ids_reassigned: 0
2026-08-31 05:06:06.395: [INFO] BookmarksLoadDropped droppedNodes=0
2026-08-31 05:06:06.395: [INFO] BookmarksSnapshot Startup total=0 bar=0 other=0 mobile=0 showBar=0 showBarNTP=1
2026-08-31 05:06:20.047: [INFO] BookmarksSnapshot Shutdown total=0 bar=0 other=0 mobile=0 showBar=0 showBarNTP=1
2026-08-31 05:06:25.188: [INFO] CurrentProfilePath: D:\vcube\Workspace\corejavaworkspace\.metadata\.plugins\org.eclipse.swt\EBWebView\Default
2026-08-31 05:06:25.188: [INFO] Profiles total count: 1
2026-08-31 05:06:25.189: [INFO] Profile: name=Profile 1 path=D:\vcube\Workspace\corejavaworkspace\.metadata\.plugins\org.eclipse.swt\EBWebView\Default lastActive=2026-08-31T05:06:15.124Z
2026-08-31 05:06:25.189: [INFO] LastUsedProfileDir: D:\vcube\Workspace\corejavaworkspace\.metadata\.plugins\org.eclipse.swt\EBWebView\Default
2026-08-31 05:06:25.189: [INFO] MostRecentlyActiveProfile: name=Profile 1 path=D:\vcube\Workspace\corejavaworkspace\.metadata\.plugins\org.eclipse.swt\EBWebView\Default lastActive=2026-08-31T05:06:15.124Z
2026-08-31 05:06:25.189: [INFO] OnDoneLoading sync enabled: 0
2026-08-31 05:06:25.189: [INFO] BookmarkModelLoaded, ids_reassigned: 0
2026-08-31 05:06:25.189: [INFO] BookmarksLoadDropped droppedNodes=0
2026-08-31 05:06:25.189: [INFO] BookmarksSnapshot Startup total=0 bar=0 other=0 mobile=0 showBar=0 showBarNTP=1
2026-08-31 05:09:33.056: [INFO] BookmarksSnapshot Shutdown total=0 bar=0 other=0 mobile=0 showBar=0 showBarNTP=1
2026-08-31 05:17:10.272: [INFO] CurrentProfilePath: D:\vcube\Workspace\corejavaworkspace\.metadata\.plugins\org.eclipse.swt\EBWebView\Default
2026-08-31 05:17:10.272: [INFO] Profiles total count: 1
2026-08-31 05:17:10.272: [INFO] Profile: name=Profile 1 path=D:\vcube\Workspace\corejavaworkspace\.metadata\.plugins\org.eclipse.swt\EBWebView\Default lastActive=2026-08-31T05:06:15.124Z
2026-08-31 05:17:10.272: [INFO] LastUsedProfileDir: D:\vcube\Workspace\corejavaworkspace\.metadata\.plugins\org.eclipse.swt\EBWebView\Default
2026-08-31 05:17:10.272: [INFO] MostRecentlyActiveProfile: name=Profile 1 path=D:\vcube\Workspace\corejavaworkspace\.metadata\.plugins\org.eclipse.swt\EBWebView\Default lastActive=2026-08-31T05:06:15.124Z
2026-08-31 05:17:10.272: [INFO] OnDoneLoading sync enabled: 0
2026-08-31 05:17:10.272: [INFO] BookmarkModelLoaded, ids_reassigned: 0
2026-08-31 05:17:10.272: [INFO] BookmarksLoadDropped droppedNodes=0
2026-08-31 05:17:10.272: [INFO] BookmarksSnapshot Startup total=0 bar=0 other=0 mobile=0 showBar=0 showBarNTP=1
2026-08-31 05:38:25.250: [INFO] BookmarksSnapshot Shutdown total=0 bar=0 other=0 mobile=0 showBar=0 showBarNTP=1
2026-08-31 07:07:26.387: [INFO] CurrentProfilePath: D:\vcube\Workspace\corejavaworkspace\.metadata\.plugins\org.eclipse.swt\EBWebView\Default
2026-08-31 07:07:26.387: [INFO] Profiles total count: 1
2026-08-31 07:07:26.387: [INFO] Profile: name=Profile 1 path=D:\vcube\Workspace\corejavaworkspace\.metadata\.plugins\org.eclipse.swt\EBWebView\Default lastActive=2026-08-31T05:06:15.124Z
2026-08-31 07:07:26.387: [INFO] LastUsedProfileDir: D:\vcube\Workspace\corejavaworkspace\.metadata\.plugins\org.eclipse.swt\EBWebView\Default
2026-08-31 07:07:26.387: [INFO] MostRecentlyActiveProfile: name=Profile 1 path=D:\vcube\Workspace\corejavaworkspace\.metadata\.plugins\org.eclipse.swt\EBWebView\Default lastActive=2026-08-31T05:06:15.124Z
2026-08-31 07:07:26.387: [INFO] OnDoneLoading sync enabled: 0
2026-08-31 07:07:26.387: [INFO] BookmarkModelLoaded, ids_reassigned: 0
2026-08-31 07:07:26.387: [INFO] BookmarksLoadDropped droppedNodes=0
2026-08-31 07:07:26.387: [INFO] BookmarksSnapshot Startup total=0 bar=0 other=0 mobile=0 showBar=0 showBarNTP=1
2026-08-31 07:18:27.130: [INFO] BookmarksSnapshot Shutdown total=0 bar=0 other=0 mobile=0 showBar=0 showBarNTP=1
2026-08-31 07:21:58.425: [INFO] CurrentProfilePath: D:\vcube\Workspace\corejavaworkspace\.metadata\.plugins\org.eclipse.swt\EBWebView\Default
2026-08-31 07:21:58.425: [INFO] Profiles total count: 1
2026-08-31 07:21:58.425: [INFO] Profile: name=Profile 1 path=D:\vcube\Workspace\corejavaworkspace\.metadata\.plugins\org.eclipse.swt\EBWebView\Default lastActive=2026-08-31T07:18:26.637Z
2026-08-31 07:21:58.425: [INFO] LastUsedProfileDir: D:\vcube\Workspace\corejavaworkspace\.metadata\.plugins\org.eclipse.swt\EBWebView\Default
2026-08-31 07:21:58.425: [INFO] MostRecentlyActiveProfile: name=Profile 1 path=D:\vcube\Workspace\corejavaworkspace\.metadata\.plugins\org.eclipse.swt\EBWebView\Default lastActive=2026-08-31T07:18:26.637Z
2026-08-31 07:21:58.425: [INFO] OnDoneLoading sync enabled: 0
2026-08-31 07:21:58.425: [INFO] BookmarkModelLoaded, ids_reassigned: 0
2026-08-31 07:21:58.425: [INFO] BookmarksLoadDropped droppedNodes=0
2026-08-31 07:21:58.425: [INFO] BookmarksSnapshot Startup total=0 bar=0 other=0 mobile=0 showBar=0 showBarNTP=1
2026-08-31 07:22:29.951: [INFO] BookmarksSnapshot Shutdown total=0 bar=0 other=0 mobile=0 showBar=0 showBarNTP=1
2026-08-31 07:23:15.573: [INFO] CurrentProfilePath: D:\vcube\Workspace\corejavaworkspace\.metadata\.plugins\org.eclipse.swt\EBWebView\Default
2026-08-31 07:23:15.573: [INFO] Profiles total count: 1
2026-08-31 07:23:15.573: [INFO] Profile: name=Profile 1 path=D:\vcube\Workspace\corejavaworkspace\.metadata\.plugins\org.eclipse.swt\EBWebView\Default lastActive=2026-08-31T07:18:26.637Z
2026-08-31 07:23:15.573: [INFO] LastUsedProfileDir: D:\vcube\Workspace\corejavaworkspace\.metadata\.plugins\org.eclipse.swt\EBWebView\Default
2026-08-31 07:23:15.573: [INFO] MostRecentlyActiveProfile: name=Profile 1 path=D:\vcube\Workspace\corejavaworkspace\.metadata\.plugins\org.eclipse.swt\EBWebView\Default lastActive=2026-08-31T07:18:26.637Z
2026-08-31 07:23:15.573: [INFO] OnDoneLoading sync enabled: 0
2026-08-31 07:23:15.573: [INFO] BookmarkModelLoaded, ids_reassigned: 0
2026-08-31 07:23:15.573: [INFO] BookmarksLoadDropped droppedNodes=0
2026-08-31 07:23:15.574: [INFO] BookmarksSnapshot Startup total=0 bar=0 other=0 mobile=0 showBar=0 showBarNTP=1
2026-08-31 07:23:40.571: [INFO] BookmarksSnapshot Shutdown total=0 bar=0 other=0 mobile=0 showBar=0 showBarNTP=1
2026-09-01 04:56:50.486: [INFO] CurrentProfilePath: D:\vcube\Workspace\corejavaworkspace\.metadata\.plugins\org.eclipse.swt\EBWebView\Default
2026-09-01 04:56:50.486: [INFO] Profiles total count: 1
2026-09-01 04:56:50.486: [INFO] Profile: name=Profile 1 path=D:\vcube\Workspace\corejavaworkspace\.metadata\.plugins\org.eclipse.swt\EBWebView\Default lastActive=2026-08-31T07:18:26.637Z
2026-09-01 04:56:50.486: [INFO] LastUsedProfileDir: D:\vcube\Workspace\corejavaworkspace\.metadata\.plugins\org.eclipse.swt\EBWebView\Default
2026-09-01 04:56:50.486: [INFO] MostRecentlyActiveProfile: name=Profile 1 path=D:\vcube\Workspace\corejavaworkspace\.metadata\.plugins\org.eclipse.swt\EBWebView\Default lastActive=2026-08-31T07:18:26.637Z
2026-09-01 04:56:50.486: [INFO] OnDoneLoading sync enabled: 0
2026-09-01 04:56:50.486: [INFO] BookmarkModelLoaded, ids_reassigned: 0
2026-09-01 04:56:50.486: [INFO] BookmarksLoadDropped droppedNodes=0
2026-09-01 04:56:50.486: [INFO] BookmarksSnapshot Startup total=0 bar=0 other=0 mobile=0 showBar=0 showBarNTP=1
2026-09-01 04:56:50.592: [INFO] BookmarksSnapshot Shutdown total=0 bar=0 other=0 mobile=0 showBar=0 showBarNTP=1
2026-09-01 05:03:08.588: [INFO] CurrentProfilePath: D:\vcube\Workspace\corejavaworkspace\.metadata\.plugins\org.eclipse.swt\EBWebView\Default
2026-09-01 05:03:08.588: [INFO] Profiles total count: 1
2026-09-01 05:03:08.588: [INFO] Profile: name=Profile 1 path=D:\vcube\Workspace\corejavaworkspace\.metadata\.plugins\org.eclipse.swt\EBWebView\Default lastActive=2026-08-31T07:18:26.637Z
2026-09-01 05:03:08.588: [INFO] LastUsedProfileDir: D:\vcube\Workspace\corejavaworkspace\.metadata\.plugins\org.eclipse.swt\EBWebView\Default
2026-09-01 05:03:08.588: [INFO] MostRecentlyActiveProfile: name=Profile 1 path=D:\vcube\Workspace\corejavaworkspace\.metadata\.plugins\org.eclipse.swt\EBWebView\Default lastActive=2026-08-31T07:18:26.637Z
2026-09-01 05:03:08.588: [INFO] OnDoneLoading sync enabled: 0
2026-09-01 05:03:08.588: [INFO] BookmarkModelLoaded, ids_reassigned: 0
2026-09-01 05:03:08.588: [INFO] BookmarksLoadDropped droppedNodes=0
2026-09-01 05:03:08.588: [INFO] BookmarksSnapshot Startup total=0 bar=0 other=0 mobile=0 showBar=0 showBarNTP=1
2026-09-01 05:03:24.459: [INFO] BookmarksSnapshot Shutdown total=0 bar=0 other=0 mobile=0 showBar=0 showBarNTP=1
2026-09-01 05:14:37.451: [INFO] CurrentProfilePath: D:\vcube\Workspace\corejavaworkspace\.metadata\.plugins\org.eclipse.swt\EBWebView\Default
2026-09-01 05:14:37.451: [INFO] Profiles total count: 1
2026-09-01 05:14:37.453: [INFO] Profile: name=Profile 1 path=D:\vcube\Workspace\corejavaworkspace\.metadata\.plugins\org.eclipse.swt\EBWebView\Default lastActive=2026-08-31T07:18:26.637Z
2026-09-01 05:14:37.453: [INFO] LastUsedProfileDir: D:\vcube\Workspace\corejavaworkspace\.metadata\.plugins\org.eclipse.swt\EBWebView\Default
2026-09-01 05:14:37.453: [INFO] MostRecentlyActiveProfile: name=Profile 1 path=D:\vcube\Workspace\corejavaworkspace\.metadata\.plugins\org.eclipse.swt\EBWebView\Default lastActive=2026-08-31T07:18:26.637Z
2026-09-01 05:14:37.453: [INFO] OnDoneLoading sync enabled: 0
2026-09-01 05:14:37.453: [INFO] BookmarkModelLoaded, ids_reassigned: 0
2026-09-01 05:14:37.453: [INFO] BookmarksLoadDropped droppedNodes=0
2026-09-01 05:14:37.453: [INFO] BookmarksSnapshot Startup total=0 bar=0 other=0 mobile=0 showBar=0 showBarNTP=1
2026-09-01 05:15:18.208: [INFO] BookmarksSnapshot Shutdown total=0 bar=0 other=0 mobile=0 showBar=0 showBarNTP=1
2026-09-01 05:17:01.647: [INFO] CurrentProfilePath: D:\vcube\Workspace\corejavaworkspace\.metadata\.plugins\org.eclipse.swt\EBWebView\Default
2026-09-01 05:17:01.647: [INFO] Profiles total count: 1
2026-09-01 05:17:01.648: [INFO] Profile: name=Profile 1 path=D:\vcube\Workspace\corejavaworkspace\.metadata\.plugins\org.eclipse.swt\EBWebView\Default lastActive=2026-08-31T07:18:26.637Z
2026-09-01 05:17:01.648: [INFO] LastUsedProfileDir: D:\vcube\Workspace\corejavaworkspace\.metadata\.plugins\org.eclipse.swt\EBWebView\Default
2026-09-01 05:17:01.648: [INFO] MostRecentlyActiveProfile: name=Profile 1 path=D:\vcube\Workspace\corejavaworkspace\.metadata\.plugins\org.eclipse.swt\EBWebView\Default lastActive=2026-08-31T07:18:26.637Z
2026-09-01 05:17:01.648: [INFO] OnDoneLoading sync enabled: 0
2026-09-01 05:17:01.648: [INFO] BookmarkModelLoaded, ids_reassigned: 0
2026-09-01 05:17:01.648: [INFO] BookmarksLoadDropped droppedNodes=0
2026-09-01 05:17:01.648: [INFO] BookmarksSnapshot Startup total=0 bar=0 other=0 mobile=0 showBar=0 showBarNTP=1
2026-09-01 05:18:59.512: [INFO] BookmarksSnapshot Shutdown total=0 bar=0 other=0 mobile=0 showBar=0 showBarNTP=1
2026-09-01 05:21:33.810: [INFO] CurrentProfilePath: D:\vcube\Workspace\corejavaworkspace\.metadata\.plugins\org.eclipse.swt\EBWebView\Default
2026-09-01 05:21:33.810: [INFO] Profiles total count: 1
2026-09-01 05:21:33.810: [INFO] Profile: name=Profile 1 path=D:\vcube\Workspace\corejavaworkspace\.metadata\.plugins\org.eclipse.swt\EBWebView\Default lastActive=2026-08-31T07:18:26.637Z
2026-09-01 05:21:33.810: [INFO] LastUsedProfileDir: D:\vcube\Workspace\corejavaworkspace\.metadata\.plugins\org.eclipse.swt\EBWebView\Default
2026-09-01 05:21:33.810: [INFO] MostRecentlyActiveProfile: name=Profile 1 path=D:\vcube\Workspace\corejavaworkspace\.metadata\.plugins\org.eclipse.swt\EBWebView\Default lastActive=2026-08-31T07:18:26.637Z
2026-09-01 05:21:33.810: [INFO] OnDoneLoading sync enabled: 0
2026-09-01 05:21:33.810: [INFO] BookmarkModelLoaded, ids_reassigned: 0
2026-09-01 05:21:33.810: [INFO] BookmarksLoadDropped droppedNodes=0
2026-09-01 05:21:33.810: [INFO] BookmarksSnapshot Startup total=0 bar=0 other=0 mobile=0 showBar=0 showBarNTP=1
2026-09-01 07:27:42.789: [INFO] BookmarksSnapshot Shutdown total=0 bar=0 other=0 mobile=0 showBar=0 showBarNTP=1
2026-09-02 05:07:13.025: [INFO] CurrentProfilePath: D:\vcube\Workspace\corejavaworkspace\.metadata\.plugins\org.eclipse.swt\EBWebView\Default
2026-09-02 05:07:13.025: [INFO] Profiles total count: 1
2026-09-02 05:07:13.025: [INFO] Profile: name=Profile 1 path=D:\vcube\Workspace\corejavaworkspace\.metadata\.plugins\org.eclipse.swt\EBWebView\Default lastActive=2026-09-02T04:54:32.978Z
2026-09-02 05:07:13.025: [INFO] LastUsedProfileDir: D:\vcube\Workspace\corejavaworkspace\.metadata\.plugins\org.eclipse.swt\EBWebView\Default
2026-09-02 05:07:13.025: [INFO] MostRecentlyActiveProfile: name=Profile 1 path=D:\vcube\Workspace\corejavaworkspace\.metadata\.plugins\org.eclipse.swt\EBWebView\Default lastActive=2026-09-02T04:54:32.978Z
2026-09-02 05:07:13.025: [INFO] OnDoneLoading sync enabled: 0
2026-09-02 05:07:13.025: [INFO] BookmarkModelLoaded, ids_reassigned: 0
2026-09-02 05:07:13.025: [INFO] BookmarksLoadDropped droppedNodes=0
2026-09-02 05:07:13.026: [INFO] BookmarksSnapshot Startup total=0 bar=0 other=0 mobile=0 showBar=0 showBarNTP=1
2026-09-02 05:36:33.612: [INFO] BookmarksSnapshot Shutdown total=0 bar=0 other=0 mobile=0 showBar=0 showBarNTP=1
2026-09-02 07:02:12.152: [INFO] CurrentProfilePath: D:\vcube\Workspace\corejavaworkspace\.metadata\.plugins\org.eclipse.swt\EBWebView\Default
2026-09-02 07:02:12.152: [INFO] Profiles total count: 1
2026-09-02 07:02:12.152: [INFO] Profile: name=Profile 1 path=D:\vcube\Workspace\corejavaworkspace\.metadata\.plugins\org.eclipse.swt\EBWebView\Default lastActive=2026-09-02T04:54:32.978Z
2026-09-02 07:02:12.152: [INFO] LastUsedProfileDir: D:\vcube\Workspace\corejavaworkspace\.metadata\.plugins\org.eclipse.swt\EBWebView\Default
2026-09-02 07:02:12.152: [INFO] MostRecentlyActiveProfile: name=Profile 1 path=D:\vcube\Workspace\corejavaworkspace\.metadata\.plugins\org.eclipse.swt\EBWebView\Default lastActive=2026-09-02T04:54:32.978Z
2026-09-02 07:02:12.152: [INFO] OnDoneLoading sync enabled: 0
2026-09-02 07:02:12.152: [INFO] BookmarkModelLoaded, ids_reassigned: 0
2026-09-02 07:02:12.152: [INFO] BookmarksLoadDropped droppedNodes=0
2026-09-02 07:02:12.152: [INFO] BookmarksSnapshot Startup total=0 bar=0 other=0 mobile=0 showBar=0 showBarNTP=1
